Capstone E2/resultados_modelo.csv
Producto,Tienda,Semana,Precio,Pedido,Venta,Inventario,DemandaInsatisfecha,Activacion
1,1,10,8652.981577482939,0.0,1138.0,5000.0,0.0,-0.0
1,1,11,8635.4670064142,0.0,1196.0,3804.0,0.0,-0.0
1,1,12,8636.843569692177,0.0,1902.0,1902.0,1350.0,-0.0
1,1,13,8648.031807398298,0.0,951.0,951.0,635.0,-0.0
1,1,14,169.70046463430003,0.0,475.5,475.5,2556.5,-0.0
1,1,15,281.315317567638,0.0,237.75,237.75,1591.25,-0.0
1,1,16,31.846910676697192,0.0,118.875,118.875,3906.125,-0.0
1,1,17,98.83536492045499,0.0,59.4375,59.4375,2588.5625,-0.0
1,1,18,49.4363460255239,0.0,29.71875,29.71875,1475.28125,-0.0
1,1,19,6.944565121008676,0.0,14.859375,14.859375,3319.140625,-0.0
1,1,20,3.1791686466137077,0.0,7.4296875,7.4296875,2517.5703125,0.0
1,2,10,4852.9815774829385,0.0,2286.0,5000.0,0.0,-0.0
1,2,11,4835.467006414199,0.0,2500.0,2500.0,622.0,-0.0
1,2,12,4836.843569692177,0.0,1250.0,1250.0,920.0,-0.0
1,2,13,4848.031807398295,0.0,625.0,625.0,1552.0,-0.0
1,2,14,104.32461899736228,0.0,312.5,312.5,3324.5,-0.0
1,2,15,52.04672574783702,0.0,156.25,156.25,3488.75,-0.0
1,2,16,16.905149547466415,0.0,78.12500000345187,78.12499998388608,2408.874999996548,-0.0
1,2,17,13.309027001026099,0.0,39.062500003873566,39.062499980012525,1878.9374999961265,-0.0
1,2,18,4.747114214306441,0.0,19.53125000393847,19.531249976074054,2775.4687499960614,-0.0
1,2,19,8.727402848394275,0.0,9.765625003753746,9.765624972320309,765.2343749962463,-0.0
1,2,20,1.1814459066232206,0.0,4.882812486160154,4.882812486160154,2849.11718751384,0.0
2,1,10,3268.174128122645,0.0,5000.0,5000.0,3135.0,-0.0
2,1,11,3268.8370022260697,0.0,2500.0,2500.0,4638.0,-0.0
2,1,12,3269.143705169429,0.0,1250.0,1250.0,3731.0,-0.0
2,1,13,116.79647362283062,0.0,625.0,625.0,6582.0,-0.0
2,1,14,204.1087682414049,0.0,312.5,312.5,5002.5,-0.0
2,1,15,12.837686278751411,0.0,156.25,156.25,6183.75,-0.0
2,1,16,12.788739797177415,0.0,78.125,78.125,7357.875,-0.0
2,1,17,3.4518914834013783,0.0,39.0625,39.0625,4603.9375,-0.0
2,1,18,2.2039419119209165,0.0,19.53125,19.53125,3595.46875,-0.0
2,1,19,1.5973992471549103,0.0,9.765625,9.765625,5517.234375,-0.0
2,1,20,0.4005327736595292,0.0,4.8828125,4.8828125,6225.1171875,0.0
2,2,10,3880.05707718824,0.0,5000.0,5000.0,5260.0,-0.0
2,2,11,3866.9906148247455,0.0,2500.0,2500.0,6046.0,-0.0
2,2,12,3884.971844474238,0.0,1250.0,1250.0,5348.0,-0.0
2,2,13,69.12817057487298,0.0,625.0,625.0,6778.0,-0.0
2,2,14,0.0,0.0,312.5,312.5,9157.5,-0.0
2,2,15,25.1300542023552,0.0,156.25,156.25,10089.75,-0.0
2,2,16,17.150992918386567,0.0,78.12499998038037,78.12499998038037,8779.87500001962,-0.0
2,2,17,4.85643101268204,0.0,39.06249999019018,39.06249999019018,8430.93750000981,-0.0
2,2,18,2.423701675635749,0.0,19.53124999509509,19.53124999509509,8253.468750004906,-0.0
2,2,19,1.2039562890924067,0.0,9.765624997547546,9.765624997547546,5293.234375002453,-0.0
2,2,20,0.6025544023692264,0.0,4.882812498773773,4.882812498773773,8000.117187501226,0.0
3,1,10,6729.91753092587,0.0,2596.0,5000.0,0.0,-0.0
3,1,11,6738.814194676997,0.0,2500.0,2500.0,1369.0,-0.0
3,1,12,6722.745220542297,0.0,1250.0,1250.0,2383.0,-0.0
3,1,13,6723.757340997126,0.0,625.0,625.0,2749.0,-0.0
3,1,14,68.63940779152263,0.0,312.5,312.5,3512.5,-0.0
3,1,15,135.46063834227485,0.0,156.25,156.25,3550.75,-0.0
3,1,16,15.46585917568209,0.0,78.125,78.125,4167.875,-0.0
3,1,17,10.43558512445026,0.0,39.0625,39.0625,5682.9375,-0.0
3,1,18,22.409069523475484,0.0,19.53125,19.53125,3034.46875,-0.0
3,1,19,2.516330106738252,0.0,9.765625,9.765625,3271.234375,-0.0
3,1,20,0.9762132535694465,0.0,4.8828125,4.8828125,4210.1171875,0.0
3,2,10,10529.9175309258,0.0,3851.0,5000.0,0.0,-0.0
3,2,11,10538.814194677001,0.0,2500.0,2500.0,1125.0,-0.0
3,2,12,10522.745220542298,0.0,1250.0,1250.0,1780.0,-0.0
3,2,13,5793.6544420714745,0.0,625.0,625.0,3323.0,-0.0
3,2,14,232.94225648586917,0.0,312.5,312.5,3363.5,-0.0
3,2,15,95.52627302447301,0.0,156.25,156.25,2504.75,-0.0
3,2,16,48.79960099377357,0.0,78.12499999655749,78.12499999655749,2529.8750000034424,-0.0
3,2,17,57.913202931911115,0.0,39.06250002993888,39.06249996661862,3173.9374999700613,-0.0
3,2,18,123.7993245003884,0.0,19.531250005724598,19.531249960894023,950.4687499942754,-0.0
3,2,19,6.679851073559438,0.0,9.765624980447011,9.765624980447011,3026.2343750195528,-0.0
3,2,20,2.291980858151497,0.0,4.882812490223506,4.882812490223506,4410.117187509776,0.0
4,1,10,97983.07605046518,0.0,1633.0,5000.0,0.0,-0.0
4,1,11,97927.58266521545,565.0,1595.0,3405.0,0.0,1.0
4,1,12,97998.71230818758,0.0,1922.0,2048.0,0.0,-0.0
4,1,13,97952.82551264952,3352.0,1024.0,1024.0,0.0,1.0
4,1,14,98051.03756278774,0.0,2188.0,2188.0,0.0,-0.0
4,1,15,97998.81450595046,1331.0,651.0,1537.0,0.0,1.0
4,1,16,97990.02549834184,722.0,1434.0,1434.0,0.0,1.0
4,1,17,97986.14198335198,2856.0,1078.0,1078.0,0.0,1.0
4,1,18,97951.19034844327,1715.0,1967.0,1967.0,0.0,1.0
4,1,19,98075.56502588159,0.0,1841.0,1841.0,0.0,-0.0
4,1,20,97615.6750082297,0.0,920.5,920.5,1391.5,0.0
4,2,10,101783.0760504648,0.0,821.0,5000.0,0.0,-0.0
4,2,11,101727.58266521545,0.0,1225.0,3775.0,0.0,-0.0
4,2,12,101798.71230818758,963.0,790.0,2985.0,0.0,1.0
4,2,13,101752.82551264952,1656.0,1974.0,1974.0,0.0,1.0
4,2,14,101851.03756278775,1071.0,1815.0,1815.0,0.0,1.0
4,2,15,101798.81450595045,0.0,1443.0,1443.0,0.0,-0.0
4,2,16,101790.02549834184,1113.0,450.0,993.0,0.0,1.0
4,2,17,101786.14198335198,1055.0,1053.0,1053.0,0.0,1.0
4,2,18,101751.19034844327,1784.0,1054.0,1054.0,0.0,1.0
4,2,19,101875.56502588159,0.0,1419.0,1419.0,0.0,-0.0
4,2,20,101415.6750082297,0.0,709.5,709.5,127.5,0.0
5,1,10,2730.8655756655967,0.0,5000.0,5000.0,3346.0,-0.0
5,1,11,2718.4924677576673,0.0,2500.0,2500.0,4324.0,-0.0
5,1,12,2734.5684765723777,0.0,1250.0,1250.0,3269.0,-0.0
5,1,13,48.72920182486821,0.0,625.0,625.0,6291.0,-0.0
5,1,14,0.0,0.0,312.5,312.5,7609.5,-0.0
5,1,15,0.0,0.0,156.25,156.25,10507.75,-0.0
5,1,16,0.0,0.0,78.125,78.125,8489.875,-0.0
5,1,17,2.619872597064896,0.0,39.0625,39.0625,6669.9375,-0.0
5,1,18,1.3268050301307526,0.0,19.53125,19.53125,8855.46875,-0.0
5,1,19,0.6634766013068017,0.0,9.765625,9.765625,9030.234375,-0.0
5,1,20,0.3341685939671601,0.0,4.8828125,4.8828125,14013.1171875,0.0
5,2,10,6530.865575665539,0.0,5000.0,5000.0,439.0,-0.0
5,2,11,6518.492467757822,0.0,2500.0,2500.0,7250.0,-0.0
5,2,12,6534.568476572378,0.0,1250.0,1250.0,10100.0,-0.0
5,2,13,105.30379519664852,0.0,625.0,625.0,11272.0,-0.0
5,2,14,135.73514911717945,0.0,312.5,312.5,4497.5,-0.0
5,2,15,33.64791775716012,0.0,156.25,156.25,7028.75,-0.0
5,2,16,26.22477808749998,0.0,78.12499999999994,78.12499999999994,8549.875,-0.0
5,2,17,20.727552451103826,0.0,39.06249999999997,39.06249999999997,7091.9375,-0.0
5,2,18,4.445108261029248,0.0,19.531249999999986,19.531249999999986,5314.46875,-0.0
5,2,19,2.218320789029041,0.0,9.765624999999993,9.765624999999993,6635.234375,-0.0
5,2,20,1.7558356305262526,0.0,4.8828124999999964,4.8828124999999964,3157.1171875,0.0
6,1,10,27847.979174700962,0.0,2505.0,5000.0,0.0,-0.0
6,1,11,27817.281141534902,0.0,2319.0,2681.0,0.0,-0.0
6,1,12,27818.322406478997,0.0,1340.5,1340.5,907.5,-0.0
6,1,13,27878.40725028924,0.0,670.25,670.25,2029.75,-0.0
6,1,14,27444.448105294257,0.0,335.1249999999999,335.1249999999999,2952.875,-0.0
6,1,15,4127.243587479457,0.0,167.56249999999994,167.56249999999994,1993.4375,-0.0
6,1,16,238.8807376318605,0.0,83.78124999999997,83.78124999999997,2304.21875,-0.0
6,1,17,109.45144540437927,0.0,41.890624999999986,41.890624999999986,2564.109375,-0.0
6,1,18,33.08412880103504,0.0,20.945312499999993,20.945312499999993,2714.0546875,-0.0
6,1,19,19.20050259368313,0.0,10.472656249999996,10.472656249999996,4351.52734375,-0.0
6,1,20,30.405952394994124,0.0,5.236328124999998,5.236328124999998,1518.763671875,0.0
6,2,10,24047.979174701082,0.0,2894.0,5000.0,0.0,-0.0
6,2,11,24017.281141534902,0.0,1871.0,3129.0,0.0,-0.0
6,2,12,24018.322406478976,0.0,1564.5,1564.5,903.5,-0.0
6,2,13,24078.40725028924,0.0,782.25,782.25,1952.75,-0.0
6,2,14,23644.448105294217,0.0,391.125,391.125,1991.875,-0.0
6,2,15,478.1035204950579,0.0,195.5625,195.5625,2116.4375,-0.0
6,2,16,137.9970776274636,0.0,97.78125,97.78125,2116.21875,-0.0
6,2,17,70.2408888904819,0.0,48.890625,48.890625,2280.109375,-0.0
6,2,18,69.11639399775723,0.0,24.4453125,24.4453125,2499.5546875,-0.0
6,2,19,40.159342271091546,0.0,12.22265625,12.22265625,2688.77734375,-0.0
6,2,20,44.998544844855694,0.0,6.111328125,6.111328125,2169.888671875,0.0
7,1,10,161143.61669326213,3996.0,5000.0,5000.0,2403.0,1.0
7,1,11,161216.20415742777,1258.0,4498.0,4498.0,0.0,1.0
7,1,12,161109.02104597224,8080.0,2878.0,2878.0,0.0,1.0
7,1,13,161064.10104319916,6187.0,5479.0,5479.0,0.0,1.0
7,1,14,161130.8923779676,4487.0,5833.0,5833.0,0.0,1.0
7,1,15,161181.24625204387,2538.0,5160.0,5160.0,0.0,1.0
7,1,16,161084.25164928182,2365.0,3849.0,3849.0,0.0,1.0
7,1,17,161168.38608995965,10725.0,3107.0,3107.0,0.0,1.0
7,1,18,161036.07132372682,2226.0,6916.0,6916.0,0.0,1.0
7,1,19,161188.6725428249,2419.0,4571.0,4571.0,0.0,1.0
7,1,20,161113.41342527565,0.0,3495.0,3495.0,0.0,0.0
7,2,10,157343.61669326737,2594.0,5000.0,5000.0,1328.0,1.0
7,2,11,157416.20415742777,8675.0,3797.0,3797.0,0.0,1.0
7,2,12,157309.02104597224,5892.0,6236.0,6236.0,0.0,1.0
7,2,13,157264.10104319916,5176.0,6064.0,6064.0,0.0,1.0
7,2,14,157330.8923779676,5676.0,5620.0,5620.0,0.0,1.0
7,2,15,157381.24625204387,7270.0,5648.0,5648.0,0.0,1.0
7,2,16,157284.25164928182,5811.0,6459.0,6459.0,0.0,1.0
7,2,17,157368.38608995965,3589.0,6135.0,6135.0,0.0,1.0
7,2,18,157236.07132372682,3478.0,4862.0,4862.0,0.0,1.0
7,2,19,157388.6725428249,3882.0,4170.0,4170.0,0.0,1.0
7,2,20,157313.41342527565,0.0,4026.0,4026.0,0.0,0.0
8,1,10,56471.34435607637,1772.0,4168.0,5000.0,0.0,1.0
8,1,11,56413.858657736855,0.0,3386.0,3386.0,0.0,-0.0
8,1,12,56454.25212780802,8386.0,1622.0,1764.0,0.0,1.0
8,1,13,56416.75387191293,6045.0,5075.0,5075.0,0.0,1.0
8,1,14,56431.02065020233,5090.0,5560.0,5560.0,0.0,1.0
8,1,15,56474.83256592717,1315.0,5325.0,5325.0,0.0,1.0
8,1,16,56543.864238872615,5600.485281374238,3320.0,3320.0,0.0,1.0
8,1,17,56385.78823400366,0.0,4460.242640687119,4460.242640687119,992.7573593128809,-0.0
8,1,18,56417.45151388308,0.0,2229.0,2231.242640687119,0.0,-0.0
8,1,19,56464.821403655646,0.0,1115.6213203435595,1115.6213203435595,1120.3786796564405,-0.0
8,1,20,56396.13855169527,0.0,557.8106601717798,557.8106601717798,4975.18933982822,0.0
8,2,10,52671.344356076435,0.0,2749.0,5000.0,0.0,-0.0
8,2,11,52613.858657736855,3539.0,1103.0,3897.0,0.0,1.0
8,2,12,52654.25212780802,4092.0,3718.0,3718.0,0.0,1.0
8,2,13,52616.75387191294,0.0,3905.0,3905.0,0.0,-0.0
8,2,14,52631.02065020233,8845.5,1952.5,1952.5,655.5,1.0
8,2,15,52674.832565927165,3915.0,5399.0,5399.0,0.0,1.0
8,2,16,52743.864238872615,4613.0,4657.0,4657.0,0.0,1.0
8,2,17,52619.893260778575,0.0,4635.0,4635.0,0.0,-0.0
8,2,18,52617.45151388308,0.0,2317.5,2317.5,503.5,-0.0
8,2,19,52664.821403655646,0.0,1158.75,1158.75,2185.25,-0.0
8,2,20,52596.13855169527,0.0,579.3750000000001,579.3750000000001,5043.625,0.0
9,1,10,8790.166384260565,0.0,1776.0,5000.0,0.0,-0.0
9,1,11,8823.184364115597,0.0,2500.0,2500.0,1953.0,-0.0
9,1,12,8823.207897957263,0.0,1250.0,1250.0,1652.0,-0.0
9,1,13,8806.757742633908,0.0,625.0,625.0,1004.0,-0.0
9,1,14,1101.0079838557817,0.0,312.5,312.5,5000.5,-0.0
9,1,15,34.67548073442975,0.0,156.25,156.25,4801.75,-0.0
9,1,16,120.92541306454632,0.0,78.12499999999999,78.12499999999999,2168.875,-0.0
9,1,17,22.756637865683615,0.0,39.06249999999999,39.06249999999999,1844.9375,-0.0
9,1,18,14.330764164661117,0.0,19.531249999999996,19.531249999999996,4716.46875,-0.0
9,1,19,2.152816483745305,0.0,9.765624999999998,9.765624999999998,5696.234375,-0.0
9,1,20,1.079917343635671,0.0,4.882812499999999,4.882812499999999,5879.1171875,0.0
9,2,10,12590.166384260561,0.0,1150.0,5000.0,0.0,-0.0
9,2,11,12623.184364115597,0.0,2500.0,2500.0,1522.0,-0.0
9,2,12,12623.207897957263,0.0,1250.0,1250.0,3044.0,-0.0
9,2,13,12606.757742633908,0.0,625.0,625.0,3095.0,-0.0
9,2,14,131.92988197071483,0.0,312.5,312.5,3040.5,-0.0
9,2,15,104.5568926825109,0.0,156.25,156.25,2379.75,-0.0
9,2,16,27.94070681701638,0.0,78.1250000178228,78.12499992645172,5197.8749999821775,-0.0
9,2,17,98.3690642530963,0.0,39.062500014469855,39.062499911981874,1755.9374999855302,-0.0
9,2,18,10.321071034554686,0.0,19.531249955990937,19.531249955990937,4008.468750044009,-0.0
9,2,19,10.167808706349028,0.0,9.765624977995468,9.765624977995468,3887.2343750220043,-0.0
9,2,20,6.472742024177398,0.0,4.882812488997734,4.882812488997734,6743.117187511002,0.0
10,1,10,4485.606431127971,0.0,5000.0,5000.0,2613.0,-0.0
10,1,11,4497.094668358473,0.0,2500.0,2500.0,8162.0,-0.0
10,1,12,2252.2625068157117,0.0,1250.0,1250.0,8345.0,-0.0
10,1,13,632.7623873399428,0.0,625.0,625.0,6391.0,-0.0
10,1,14,35.18014794169213,0.0,312.5,312.5,9738.5,-0.0
10,1,15,32.356316077588396,0.0,156.25,156.25,7727.75,-0.0
10,1,16,8.786386260380217,0.0,78.12499999999815,78.12499999999815,11669.875000000002,-0.0
10,1,17,15.513071378478243,0.0,39.062499999999076,39.062499999999076,7725.937500000001,-0.0
10,1,18,2.195135796505635,0.0,19.531249999999538,19.531249999999538,9489.46875,-0.0
10,1,19,1.0941873287811605,0.0,9.765624999999769,9.765624999999769,10197.234375,-0.0
10,1,20,3.796023638730372,0.0,4.8828124999998845,4.8828124999998845,5468.1171875,0.0
